EN rxcver NULL /home/ise/xilinxShare/submission_template/submit/rcs1/rxcver.vhd sub00/vhpl22 1686142313
AR idea_com_inner behavioral /home/ise/xilinxShare/submission_template/submit/rcs1/idea_com_inner.vhd sub00/vhpl29 1686142322
AR clk_div behavioral /home/ise/xilinxShare/submission_template/submit/rcs1/clk_div.vhd sub00/vhpl27 1686142320
AR addop behavioral /home/ise/xilinxShare/submission_template/submit/rcs1/addop.vhd sub00/vhpl13 1686142296
EN mulop NULL /home/ise/xilinxShare/submission_template/submit/rcs1/mulop.vhd sub00/vhpl10 1686142293
EN trafo NULL /home/ise/xilinxShare/submission_template/submit/rcs1/trafo.vhd sub00/vhpl18 1686142309
AR round behavioral /home/ise/xilinxShare/submission_template/submit/rcs1/round.vhd sub00/vhpl17 1686142306
EN addop NULL /home/ise/xilinxShare/submission_template/submit/rcs1/addop.vhd sub00/vhpl12 1686142295
EN mux2x1 NULL /home/ise/xilinxShare/submission_template/submit/rcs1/mux2x1.vhd sub00/vhpl07 1686142303
AR mux2x1 behavioral /home/ise/xilinxShare/submission_template/submit/rcs1/mux2x1.vhd sub00/vhpl08 1686142304
AR trafo behavioral /home/ise/xilinxShare/submission_template/submit/rcs1/trafo.vhd sub00/vhpl19 1686142310
EN idea_com NULL /home/ise/xilinxShare/submission_template/submit/rcs1/idea_com.vhd sub00/vhpl30 1686142323
EN keygen NULL /home/ise/xilinxShare/submission_template/submit/rcs1/keygen.vhd sub00/vhpl05 1686142301
AR uart behavior /home/ise/xilinxShare/submission_template/submit/rcs1/uart.vhd sub00/vhpl25 1686142316
AR rxcver behavior /home/ise/xilinxShare/submission_template/submit/rcs1/rxcver.vhd sub00/vhpl23 1686142314
AR txmit behavior /home/ise/xilinxShare/submission_template/submit/rcs1/txmit.vhd sub00/vhpl21 1686142312
EN round NULL /home/ise/xilinxShare/submission_template/submit/rcs1/round.vhd sub00/vhpl16 1686142305
EN reg16bit NULL /home/ise/xilinxShare/submission_template/submit/rcs1/reg16bit.vhd sub00/vhpl02 1686142307
AR reg16bit behavioral /home/ise/xilinxShare/submission_template/submit/rcs1/reg16bit.vhd sub00/vhpl03 1686142308
AR idea_com behavioral /home/ise/xilinxShare/submission_template/submit/rcs1/idea_com.vhd sub00/vhpl31 1686142324
EN xorop NULL /home/ise/xilinxShare/submission_template/submit/rcs1/xorop.vhd sub00/vhpl14 1686142297
EN control NULL /home/ise/xilinxShare/submission_template/submit/rcs1/control.vhd sub00/vhpl00 1686142299
AR mulop behavioral /home/ise/xilinxShare/submission_template/submit/rcs1/mulop.vhd sub00/vhpl11 1686142294
EN txmit NULL /home/ise/xilinxShare/submission_template/submit/rcs1/txmit.vhd sub00/vhpl20 1686142311
AR idea_single structural /home/ise/xilinxShare/submission_template/submit/rcs1/idea_single.vhd sub00/vhpl09 1686142318
AR control behavioral /home/ise/xilinxShare/submission_template/submit/rcs1/control.vhd sub00/vhpl01 1686142300
EN uart NULL /home/ise/xilinxShare/submission_template/submit/rcs1/uart.vhd sub00/vhpl24 1686142315
EN clk_div NULL /home/ise/xilinxShare/submission_template/submit/rcs1/clk_div.vhd sub00/vhpl26 1686142319
AR xorop behavioral /home/ise/xilinxShare/submission_template/submit/rcs1/xorop.vhd sub00/vhpl15 1686142298
EN idea_single NULL /home/ise/xilinxShare/submission_template/submit/rcs1/idea_single.vhd sub00/vhpl04 1686142317
AR keygen behavioral /home/ise/xilinxShare/submission_template/submit/rcs1/keygen.vhd sub00/vhpl06 1686142302
EN idea_com_inner NULL /home/ise/xilinxShare/submission_template/submit/rcs1/idea_com_inner.vhd sub00/vhpl28 1686142321
