EN rxcver NULL /home/ise/xilinxShare/submission_template/submit/rcs1/rxcver.vhd sub00/vhpl22 1683548208
AR idea_com_inner behavioral /home/ise/xilinxShare/submission_template/submit/rcs1/idea_com_inner.vhd sub00/vhpl29 1683548217
AR clk_div behavioral /home/ise/xilinxShare/submission_template/submit/rcs1/clk_div.vhd sub00/vhpl27 1683548215
AR addop behavioral /home/ise/xilinxShare/submission_template/submit/rcs1/addop.vhd sub00/vhpl13 1683548191
EN mulop NULL /home/ise/xilinxShare/submission_template/submit/rcs1/mulop.vhd sub00/vhpl10 1683548188
EN trafo NULL /home/ise/xilinxShare/submission_template/submit/rcs1/trafo.vhd sub00/vhpl18 1683548204
AR round behavioral /home/ise/xilinxShare/submission_template/submit/rcs1/round.vhd sub00/vhpl17 1683548201
EN addop NULL /home/ise/xilinxShare/submission_template/submit/rcs1/addop.vhd sub00/vhpl12 1683548190
EN mux2x1 NULL /home/ise/xilinxShare/submission_template/submit/rcs1/mux2x1.vhd sub00/vhpl07 1683548198
AR mux2x1 behavioral /home/ise/xilinxShare/submission_template/submit/rcs1/mux2x1.vhd sub00/vhpl08 1683548199
AR trafo behavioral /home/ise/xilinxShare/submission_template/submit/rcs1/trafo.vhd sub00/vhpl19 1683548205
EN idea_com NULL /home/ise/xilinxShare/submission_template/submit/rcs1/idea_com.vhd sub00/vhpl30 1683548218
EN keygen NULL /home/ise/xilinxShare/submission_template/submit/rcs1/keygen.vhd sub00/vhpl05 1683548196
AR uart behavior /home/ise/xilinxShare/submission_template/submit/rcs1/uart.vhd sub00/vhpl25 1683548211
AR rxcver behavior /home/ise/xilinxShare/submission_template/submit/rcs1/rxcver.vhd sub00/vhpl23 1683548209
AR txmit behavior /home/ise/xilinxShare/submission_template/submit/rcs1/txmit.vhd sub00/vhpl21 1683548207
EN round NULL /home/ise/xilinxShare/submission_template/submit/rcs1/round.vhd sub00/vhpl16 1683548200
EN reg16bit NULL /home/ise/xilinxShare/submission_template/submit/rcs1/reg16bit.vhd sub00/vhpl02 1683548202
AR reg16bit behavioral /home/ise/xilinxShare/submission_template/submit/rcs1/reg16bit.vhd sub00/vhpl03 1683548203
AR idea_com behavioral /home/ise/xilinxShare/submission_template/submit/rcs1/idea_com.vhd sub00/vhpl31 1683548219
EN xorop NULL /home/ise/xilinxShare/submission_template/submit/rcs1/xorop.vhd sub00/vhpl14 1683548192
EN control NULL /home/ise/xilinxShare/submission_template/submit/rcs1/control.vhd sub00/vhpl00 1683548194
AR mulop behavioral /home/ise/xilinxShare/submission_template/submit/rcs1/mulop.vhd sub00/vhpl11 1683548189
EN txmit NULL /home/ise/xilinxShare/submission_template/submit/rcs1/txmit.vhd sub00/vhpl20 1683548206
AR idea_single structural /home/ise/xilinxShare/submission_template/submit/rcs1/idea_single.vhd sub00/vhpl09 1683548213
AR control behavioral /home/ise/xilinxShare/submission_template/submit/rcs1/control.vhd sub00/vhpl01 1683548195
EN uart NULL /home/ise/xilinxShare/submission_template/submit/rcs1/uart.vhd sub00/vhpl24 1683548210
EN clk_div NULL /home/ise/xilinxShare/submission_template/submit/rcs1/clk_div.vhd sub00/vhpl26 1683548214
AR xorop behavioral /home/ise/xilinxShare/submission_template/submit/rcs1/xorop.vhd sub00/vhpl15 1683548193
EN idea_single NULL /home/ise/xilinxShare/submission_template/submit/rcs1/idea_single.vhd sub00/vhpl04 1683548212
AR keygen behavioral /home/ise/xilinxShare/submission_template/submit/rcs1/keygen.vhd sub00/vhpl06 1683548197
EN idea_com_inner NULL /home/ise/xilinxShare/submission_template/submit/rcs1/idea_com_inner.vhd sub00/vhpl28 1683548216
