V3 63
FL /home/ise/xilinxShare/submission_template/submit/rcs1/addop.vhd 2023/05/06.14:50:11 P.20131013
EN work/addop 1683548190 \
      FL /home/ise/xilinxShare/submission_template/submit/rcs1/addop.vhd \
      PB ieee/std_logic_1164 1381692176 PB ieee/NUMERIC_STD 1381692181
AR work/addop/Behavioral 1683548191 \
      FL /home/ise/xilinxShare/submission_template/submit/rcs1/addop.vhd \
      EN work/addop 1683548190
FL /home/ise/xilinxShare/submission_template/submit/rcs1/clk_div.vhd 2016/04/20.10:48:07 P.20131013
EN work/clk_div 1683548214 \
      FL /home/ise/xilinxShare/submission_template/submit/rcs1/clk_div.vhd \
      PB ieee/std_logic_1164 1381692176 PB ieee/std_logic_arith 1381692177 \
      PB ieee/STD_LOGIC_UNSIGNED 1381692179
AR work/clk_div/Behavioral 1683548215 \
      FL /home/ise/xilinxShare/submission_template/submit/rcs1/clk_div.vhd \
      EN work/clk_div 1683548214
FL /home/ise/xilinxShare/submission_template/submit/rcs1/control.vhd 2023/05/06.12:31:14 P.20131013
EN work/control 1683548194 \
      FL /home/ise/xilinxShare/submission_template/submit/rcs1/control.vhd \
      PB ieee/std_logic_1164 1381692176
AR work/control/Behavioral 1683548195 \
      FL /home/ise/xilinxShare/submission_template/submit/rcs1/control.vhd \
      EN work/control 1683548194
FL /home/ise/xilinxShare/submission_template/submit/rcs1/idea_com.vhd 2016/04/20.10:48:07 P.20131013
EN work/idea_com 1683548218 \
      FL /home/ise/xilinxShare/submission_template/submit/rcs1/idea_com.vhd \
      PB ieee/std_logic_1164 1381692176 PB ieee/std_logic_arith 1381692177 \
      PB ieee/STD_LOGIC_UNSIGNED 1381692179
AR work/idea_com/Behavioral 1683548219 \
      FL /home/ise/xilinxShare/submission_template/submit/rcs1/idea_com.vhd \
      EN work/idea_com 1683548218 CP clk_div CP idea_com_inner
FL /home/ise/xilinxShare/submission_template/submit/rcs1/idea_com_inner.vhd 2017/10/18.16:24:08 P.20131013
EN work/idea_com_inner 1683548216 \
      FL /home/ise/xilinxShare/submission_template/submit/rcs1/idea_com_inner.vhd \
      PB ieee/std_logic_1164 1381692176 PB ieee/std_logic_arith 1381692177 \
      PB ieee/STD_LOGIC_UNSIGNED 1381692179
AR work/idea_com_inner/Behavioral 1683548217 \
      FL /home/ise/xilinxShare/submission_template/submit/rcs1/idea_com_inner.vhd \
      EN work/idea_com_inner 1683548216 CP uart CP idea_single CP mux2x1
FL /home/ise/xilinxShare/submission_template/submit/rcs1/idea_single.vhd 2023/05/06.14:28:48 P.20131013
EN work/idea_single 1683548212 \
      FL /home/ise/xilinxShare/submission_template/submit/rcs1/idea_single.vhd \
      PB ieee/std_logic_1164 1381692176
AR work/idea_single/Structural 1683548213 \
      FL /home/ise/xilinxShare/submission_template/submit/rcs1/idea_single.vhd \
      EN work/idea_single 1683548212 CP control CP keygen CP mux2x1 CP round \
      CP reg16bit CP trafo
FL /home/ise/xilinxShare/submission_template/submit/rcs1/keygen.vhd 2023/05/04.18:48:42 P.20131013
EN work/keygen 1683548196 \
      FL /home/ise/xilinxShare/submission_template/submit/rcs1/keygen.vhd \
      PB ieee/std_logic_1164 1381692176
AR work/keygen/Behavioral 1683548197 \
      FL /home/ise/xilinxShare/submission_template/submit/rcs1/keygen.vhd \
      EN work/keygen 1683548196
FL /home/ise/xilinxShare/submission_template/submit/rcs1/mulop.vhd 2023/05/06.14:52:52 P.20131013
EN work/mulop 1683548188 \
      FL /home/ise/xilinxShare/submission_template/submit/rcs1/mulop.vhd \
      PB ieee/std_logic_1164 1381692176 PB ieee/NUMERIC_STD 1381692181
AR work/mulop/Behavioral 1683548189 \
      FL /home/ise/xilinxShare/submission_template/submit/rcs1/mulop.vhd \
      EN work/mulop 1683548188
FL /home/ise/xilinxShare/submission_template/submit/rcs1/mux2x1.vhd 2023/05/04.18:12:59 P.20131013
EN work/mux2x1 1683548198 \
      FL /home/ise/xilinxShare/submission_template/submit/rcs1/mux2x1.vhd \
      PB ieee/std_logic_1164 1381692176
AR work/mux2x1/Behavioral 1683548199 \
      FL /home/ise/xilinxShare/submission_template/submit/rcs1/mux2x1.vhd \
      EN work/mux2x1 1683548198
FL /home/ise/xilinxShare/submission_template/submit/rcs1/reg16bit.vhd 2023/05/06.13:41:53 P.20131013
EN work/reg16bit 1683548202 \
      FL /home/ise/xilinxShare/submission_template/submit/rcs1/reg16bit.vhd \
      PB ieee/std_logic_1164 1381692176
AR work/reg16bit/Behavioral 1683548203 \
      FL /home/ise/xilinxShare/submission_template/submit/rcs1/reg16bit.vhd \
      EN work/reg16bit 1683548202
FL /home/ise/xilinxShare/submission_template/submit/rcs1/round.vhd 2023/05/06.14:52:49 P.20131013
EN work/round 1683548200 \
      FL /home/ise/xilinxShare/submission_template/submit/rcs1/round.vhd \
      PB ieee/std_logic_1164 1381692176 PB ieee/NUMERIC_STD 1381692181
AR work/round/Behavioral 1683548201 \
      FL /home/ise/xilinxShare/submission_template/submit/rcs1/round.vhd \
      EN work/round 1683548200 CP mulop CP addop CP xorop
FL /home/ise/xilinxShare/submission_template/submit/rcs1/rxcver.vhd 2016/04/20.10:48:07 P.20131013
EN work/rxcver 1683548208 \
      FL /home/ise/xilinxShare/submission_template/submit/rcs1/rxcver.vhd \
      PB ieee/std_logic_1164 1381692176 PB ieee/std_logic_arith 1381692177 \
      PB ieee/std_logic_misc 1381692178 PB ieee/STD_LOGIC_UNSIGNED 1381692179
AR work/rxcver/behavior 1683548209 \
      FL /home/ise/xilinxShare/submission_template/submit/rcs1/rxcver.vhd \
      EN work/rxcver 1683548208
FL /home/ise/xilinxShare/submission_template/submit/rcs1/trafo.vhd 2023/05/06.14:52:47 P.20131013
EN work/trafo 1683548204 \
      FL /home/ise/xilinxShare/submission_template/submit/rcs1/trafo.vhd \
      PB ieee/std_logic_1164 1381692176
AR work/trafo/Behavioral 1683548205 \
      FL /home/ise/xilinxShare/submission_template/submit/rcs1/trafo.vhd \
      EN work/trafo 1683548204 CP mulop CP addop
FL /home/ise/xilinxShare/submission_template/submit/rcs1/txmit.vhd 2016/04/20.10:48:07 P.20131013
EN work/txmit 1683548206 \
      FL /home/ise/xilinxShare/submission_template/submit/rcs1/txmit.vhd \
      PB ieee/std_logic_1164 1381692176 PB ieee/std_logic_arith 1381692177 \
      PB ieee/std_logic_misc 1381692178 PB ieee/STD_LOGIC_UNSIGNED 1381692179
AR work/txmit/behavior 1683548207 \
      FL /home/ise/xilinxShare/submission_template/submit/rcs1/txmit.vhd \
      EN work/txmit 1683548206
FL /home/ise/xilinxShare/submission_template/submit/rcs1/uart.vhd 2016/04/20.10:48:07 P.20131013
EN work/uart 1683548210 \
      FL /home/ise/xilinxShare/submission_template/submit/rcs1/uart.vhd \
      PB ieee/std_logic_1164 1381692176 PB ieee/std_logic_arith 1381692177 \
      PB ieee/std_logic_misc 1381692178 PB ieee/STD_LOGIC_UNSIGNED 1381692179
AR work/uart/behavior 1683548211 \
      FL /home/ise/xilinxShare/submission_template/submit/rcs1/uart.vhd \
      EN work/uart 1683548210 CP txmit CP rxcver
FL /home/ise/xilinxShare/submission_template/submit/rcs1/xorop.vhd 2023/05/06.14:52:44 P.20131013
EN work/xorop 1683548192 \
      FL /home/ise/xilinxShare/submission_template/submit/rcs1/xorop.vhd \
      PB ieee/std_logic_1164 1381692176
AR work/xorop/Behavioral 1683548193 \
      FL /home/ise/xilinxShare/submission_template/submit/rcs1/xorop.vhd \
      EN work/xorop 1683548192
