V3 21
FL /home/ise/xilinxShare/submission_template/submit/rcs1/control.vhd 2023/05/06.12:31:14 P.20131013
EN work/control 1683384872 \
      FL /home/ise/xilinxShare/submission_template/submit/rcs1/control.vhd \
      PB ieee/std_logic_1164 1381692176
AR work/control/Behavioral 1683384873 \
      FL /home/ise/xilinxShare/submission_template/submit/rcs1/control.vhd \
      EN work/control 1683384872
FL /home/ise/xilinxShare/submission_template/submit/rcs1/idea_single.vhd 2023/05/06.14:28:48 P.20131013
EN work/idea_single 1683384880 \
      FL /home/ise/xilinxShare/submission_template/submit/rcs1/idea_single.vhd \
      PB ieee/std_logic_1164 1381692176
AR work/idea_single/Structural 1683384881 \
      FL /home/ise/xilinxShare/submission_template/submit/rcs1/idea_single.vhd \
      EN work/idea_single 1683384880 CP control CP keygen CP mux2x1 CP round \
      CP reg16bit CP trafo
FL /home/ise/xilinxShare/submission_template/submit/rcs1/keygen.vhd 2023/05/04.18:48:42 P.20131013
EN work/keygen 1683384874 \
      FL /home/ise/xilinxShare/submission_template/submit/rcs1/keygen.vhd \
      PB ieee/std_logic_1164 1381692176
AR work/keygen/Behavioral 1683384875 \
      FL /home/ise/xilinxShare/submission_template/submit/rcs1/keygen.vhd \
      EN work/keygen 1683384874
FL /home/ise/xilinxShare/submission_template/submit/rcs1/mux2x1.vhd 2023/05/04.18:12:59 P.20131013
EN work/mux2x1 1683384876 \
      FL /home/ise/xilinxShare/submission_template/submit/rcs1/mux2x1.vhd \
      PB ieee/std_logic_1164 1381692176
AR work/mux2x1/Behavioral 1683384877 \
      FL /home/ise/xilinxShare/submission_template/submit/rcs1/mux2x1.vhd \
      EN work/mux2x1 1683384876
FL /home/ise/xilinxShare/submission_template/submit/rcs1/reg16bit.vhd 2023/05/06.13:41:53 P.20131013
EN work/reg16bit 1683384878 \
      FL /home/ise/xilinxShare/submission_template/submit/rcs1/reg16bit.vhd \
      PB ieee/std_logic_1164 1381692176
AR work/reg16bit/Behavioral 1683384879 \
      FL /home/ise/xilinxShare/submission_template/submit/rcs1/reg16bit.vhd \
      EN work/reg16bit 1683384878
