EN idea NULL /home/ise/xilinxShare/submission_template/submit/direct/idea.vhd sub00/vhpl10 1683207233
AR addop behavioral /home/ise/xilinxShare/submission_template/submit/direct/addop.vhd sub00/vhpl01 1683207226
EN mulop NULL /home/ise/xilinxShare/submission_template/submit/direct/mulop.vhd sub00/vhpl02 1683207223
EN trafo NULL /home/ise/xilinxShare/submission_template/submit/direct/trafo.vhd sub00/vhpl07 1683207231
AR round behavioral /home/ise/xilinxShare/submission_template/submit/direct/round.vhd sub00/vhpl09 1683207230
EN addop NULL /home/ise/xilinxShare/submission_template/submit/direct/addop.vhd sub00/vhpl00 1683207225
AR trafo behavioral /home/ise/xilinxShare/submission_template/submit/direct/trafo.vhd sub00/vhpl08 1683207232
EN round NULL /home/ise/xilinxShare/submission_template/submit/direct/round.vhd sub00/vhpl06 1683207229
EN xorop NULL /home/ise/xilinxShare/submission_template/submit/direct/xorop.vhd sub00/vhpl04 1683207227
AR mulop behavioral /home/ise/xilinxShare/submission_template/submit/direct/mulop.vhd sub00/vhpl03 1683207224
AR idea structural /home/ise/xilinxShare/submission_template/submit/direct/idea.vhd sub00/vhpl11 1683207234
AR xorop behavioral /home/ise/xilinxShare/submission_template/submit/direct/xorop.vhd sub00/vhpl05 1683207228
