V3 18
FL /home/ise/xilinxShare/submission_template/submit/direct/addop.vhd 2023/05/02.21:01:02 P.20131013
EN work/addop 1683129126 \
      FL /home/ise/xilinxShare/submission_template/submit/direct/addop.vhd \
      PB ieee/std_logic_1164 1381692176 PB ieee/NUMERIC_STD 1381692181
AR work/addop/Behavioral 1683129127 \
      FL /home/ise/xilinxShare/submission_template/submit/direct/addop.vhd \
      EN work/addop 1683129126
FL /home/ise/xilinxShare/submission_template/submit/direct/mulop.vhd 2023/05/02.18:09:51 P.20131013
EN work/mulop 1683129124 \
      FL /home/ise/xilinxShare/submission_template/submit/direct/mulop.vhd \
      PB ieee/std_logic_1164 1381692176 PB ieee/NUMERIC_STD 1381692181
AR work/mulop/Behavioral 1683129125 \
      FL /home/ise/xilinxShare/submission_template/submit/direct/mulop.vhd \
      EN work/mulop 1683129124
FL /home/ise/xilinxShare/submission_template/submit/direct/round.vhd 2023/05/02.19:32:18 P.20131013
EN work/round 0 \
      FL /home/ise/xilinxShare/submission_template/submit/direct/round.vhd \
      PB ieee/std_logic_1164 1381692176 PB ieee/NUMERIC_STD 1381692181
AR work/round/Behavioral 0 \
      FL /home/ise/xilinxShare/submission_template/submit/direct/round.vhd \
      EN work/round 0 CP mulop CP addop CP xorop
FL /home/ise/xilinxShare/submission_template/submit/direct/trafo.vhd 2023/05/03.14:02:28 P.20131013
EN work/trafo 1683129128 \
      FL /home/ise/xilinxShare/submission_template/submit/direct/trafo.vhd \
      PB ieee/std_logic_1164 1381692176
AR work/trafo/Behavioral 1683129129 \
      FL /home/ise/xilinxShare/submission_template/submit/direct/trafo.vhd \
      EN work/trafo 1683129128 CP mulop CP addop
FL /home/ise/xilinxShare/submission_template/submit/direct/xorop.vhd 2023/04/30.16:38:48 P.20131013
EN work/xorop 1683057371 \
      FL /home/ise/xilinxShare/submission_template/submit/direct/xorop.vhd \
      PB ieee/std_logic_1164 1381692176
AR work/xorop/Behavioral 1683057372 \
      FL /home/ise/xilinxShare/submission_template/submit/direct/xorop.vhd \
      EN work/xorop 1683057371
