V3 23
FL /home/ise/xilinxShare/submission_template/submit/direct/addop.vhd 2023/05/02.21:01:02 P.20131013
EN work/addop 1683207225 \
      FL /home/ise/xilinxShare/submission_template/submit/direct/addop.vhd \
      PB ieee/std_logic_1164 1381692176 PB ieee/NUMERIC_STD 1381692181
AR work/addop/Behavioral 1683207226 \
      FL /home/ise/xilinxShare/submission_template/submit/direct/addop.vhd \
      EN work/addop 1683207225
FL /home/ise/xilinxShare/submission_template/submit/direct/idea.vhd 2023/05/04.12:00:47 P.20131013
EN work/idea 1683207233 \
      FL /home/ise/xilinxShare/submission_template/submit/direct/idea.vhd \
      PB ieee/std_logic_1164 1381692176
AR work/idea/Structural 1683207234 \
      FL /home/ise/xilinxShare/submission_template/submit/direct/idea.vhd \
      EN work/idea 1683207233 CP round CP trafo
FL /home/ise/xilinxShare/submission_template/submit/direct/mulop.vhd 2023/05/02.18:09:51 P.20131013
EN work/mulop 1683207223 \
      FL /home/ise/xilinxShare/submission_template/submit/direct/mulop.vhd \
      PB ieee/std_logic_1164 1381692176 PB ieee/NUMERIC_STD 1381692181
AR work/mulop/Behavioral 1683207224 \
      FL /home/ise/xilinxShare/submission_template/submit/direct/mulop.vhd \
      EN work/mulop 1683207223
FL /home/ise/xilinxShare/submission_template/submit/direct/round.vhd 2023/05/03.13:57:11 P.20131013
EN work/round 1683207229 \
      FL /home/ise/xilinxShare/submission_template/submit/direct/round.vhd \
      PB ieee/std_logic_1164 1381692176 PB ieee/NUMERIC_STD 1381692181
AR work/round/Behavioral 1683207230 \
      FL /home/ise/xilinxShare/submission_template/submit/direct/round.vhd \
      EN work/round 1683207229 CP mulop CP addop CP xorop
FL /home/ise/xilinxShare/submission_template/submit/direct/trafo.vhd 2023/05/03.14:02:28 P.20131013
EN work/trafo 1683207231 \
      FL /home/ise/xilinxShare/submission_template/submit/direct/trafo.vhd \
      PB ieee/std_logic_1164 1381692176
AR work/trafo/Behavioral 1683207232 \
      FL /home/ise/xilinxShare/submission_template/submit/direct/trafo.vhd \
      EN work/trafo 1683207231 CP mulop CP addop
FL /home/ise/xilinxShare/submission_template/submit/direct/xorop.vhd 2023/05/02.21:02:22 P.20131013
EN work/xorop 1683207227 \
      FL /home/ise/xilinxShare/submission_template/submit/direct/xorop.vhd \
      PB ieee/std_logic_1164 1381692176
AR work/xorop/Behavioral 1683207228 \
      FL /home/ise/xilinxShare/submission_template/submit/direct/xorop.vhd \
      EN work/xorop 1683207227
